============================= test session starts ==============================
platform linux -- Python 3.11.13, pytest-7.4.3, pluggy-1.6.0 -- /usr/local/bin/python
cachedir: .pytest_cache
rootdir: /app
configfile: pytest.ini
plugins: cov-4.1.0, asyncio-0.21.1, anyio-3.7.1, mock-3.12.0
asyncio: mode=Mode.STRICT
collecting ... collected 229 items

tests/test_api_endpoints_main_application.py::TestAPIEndpoints::test_root_endpoint PASSED [  0%]
tests/test_api_endpoints_main_application.py::TestAPIEndpoints::test_status_endpoint PASSED [  0%]
tests/test_api_endpoints_main_application.py::TestAPIEndpoints::test_health_endpoint PASSED [  1%]
tests/test_api_endpoints_main_application.py::TestAPIEndpoints::test_flights_endpoint PASSED [  1%]
tests/test_api_endpoints_main_application.py::TestAPIEndpoints::test_controllers_endpoint PASSED [  2%]
tests/test_api_endpoints_main_application.py::TestAPIEndpoints::test_transceivers_endpoint PASSED [  2%]
tests/test_api_endpoints_main_application.py::TestAPIEndpoints::test_flight_summaries_endpoint PASSED [  3%]
tests/test_api_endpoints_main_application.py::TestAPIEndpoints::test_flight_details_endpoint PASSED [  3%]
tests/test_api_endpoints_main_application.py::TestAPIEndpoints::test_controller_details_endpoint PASSED [  3%]
tests/test_api_endpoints_main_application.py::TestAPIEndpoints::test_filter_status_endpoint PASSED [  4%]
tests/test_api_endpoints_main_application.py::TestAPIEndpoints::test_filter_reload_endpoint PASSED [  4%]
tests/test_api_endpoints_main_application.py::TestAPIEndpoints::test_data_processing_endpoint PASSED [  5%]
tests/test_api_endpoints_main_application.py::TestAPIEndpoints::test_flight_summary_processing_endpoint PASSED [  5%]
tests/test_api_endpoints_main_application.py::TestAPIEndpoints::test_invalid_endpoint_handling PASSED [  6%]
tests/test_api_endpoints_main_application.py::TestMainApplicationFunctionality::test_application_initialization PASSED [  6%]
tests/test_api_endpoints_main_application.py::TestMainApplicationFunctionality::test_application_routes_configuration PASSED [  6%]
tests/test_api_endpoints_main_application.py::TestMainApplicationFunctionality::test_application_dependencies PASSED [  7%]
tests/test_api_endpoints_main_application.py::TestMainApplicationFunctionality::test_application_lifespan_management PASSED [  7%]
tests/test_api_endpoints_main_application.py::TestAPIResponseFormats::test_flights_response_format PASSED [  8%]
tests/test_api_endpoints_main_application.py::TestAPIResponseFormats::test_controllers_response_format PASSED [  8%]
tests/test_api_endpoints_main_application.py::TestAPIResponseFormats::test_error_response_format PASSED [  9%]
tests/test_business_logic_core_functionality.py::TestDataProcessingBusinessLogic::test_vatsim_data_processing_workflow PASSED [  9%]
tests/test_business_logic_core_functionality.py::TestDataProcessingBusinessLogic::test_flight_summary_generation_workflow PASSED [ 10%]
tests/test_business_logic_core_functionality.py::TestDataProcessingBusinessLogic::test_geographic_filtering_business_logic PASSED [ 10%]
tests/test_business_logic_core_functionality.py::TestDataProcessingBusinessLogic::test_data_transformation_workflow PASSED [ 10%]
tests/test_business_logic_core_functionality.py::TestBackgroundTaskExecution::test_background_data_ingestion_workflow PASSED [ 11%]
tests/test_business_logic_core_functionality.py::TestBackgroundTaskExecution::test_error_handling_and_recovery_workflow PASSED [ 11%]
tests/test_business_logic_core_functionality.py::TestCompleteUserWorkflows::test_complete_flight_data_workflow PASSED [ 12%]
tests/test_business_logic_core_functionality.py::TestCompleteUserWorkflows::test_complete_controller_data_workflow PASSED [ 12%]
tests/test_data_quality.py::test_flight_plan_completeness PASSED         [ 13%]
tests/test_data_quality.py::test_position_data_accuracy PASSED           [ 13%]
tests/test_data_quality.py::test_data_integrity PASSED                   [ 13%]
tests/test_data_quality.py::test_business_rules PASSED                   [ 14%]
tests/test_error_conditions_edge_cases.py::TestAPIEndpointErrorConditions::test_api_endpoint_invalid_inputs PASSED [ 14%]
tests/test_error_conditions_edge_cases.py::TestAPIEndpointErrorConditions::test_api_endpoint_malformed_requests PASSED [ 15%]
tests/test_error_conditions_edge_cases.py::TestDataProcessingErrorConditions::test_data_service_error_handling PASSED [ 15%]
tests/test_error_conditions_edge_cases.py::TestDataProcessingErrorConditions::test_vatsim_service_error_handling PASSED [ 16%]
tests/test_error_conditions_edge_cases.py::TestDatabaseErrorConditions::test_database_connection_errors PASSED [ 16%]
tests/test_error_conditions_edge_cases.py::TestDatabaseErrorConditions::test_database_transaction_errors PASSED [ 17%]
tests/test_error_conditions_edge_cases.py::TestFilterErrorConditions::test_geographic_filter_error_handling PASSED [ 17%]
tests/test_error_conditions_edge_cases.py::TestFilterErrorConditions::test_callsign_filter_error_handling PASSED [ 17%]
tests/test_error_conditions_edge_cases.py::TestBusinessLogicExecution::test_flight_data_processing_workflow PASSED [ 18%]
tests/test_error_conditions_edge_cases.py::TestBusinessLogicExecution::test_controller_data_processing_workflow PASSED [ 18%]
tests/test_error_conditions_edge_cases.py::TestEdgeCaseScenarios::test_extreme_data_values PASSED [ 19%]
tests/test_error_conditions_edge_cases.py::TestEdgeCaseScenarios::test_concurrent_access_scenarios PASSED [ 19%]
tests/test_geographic_boundary_filter.py::TestGeographicBoundaryFilter::test_filter_disabled_initialization PASSED [ 20%]
tests/test_geographic_boundary_filter.py::TestGeographicBoundaryFilter::test_filter_enabled_initialization_success PASSED [ 20%]
tests/test_geographic_boundary_filter.py::TestGeographicBoundaryFilter::test_filter_enabled_initialization_failure_no_path PASSED [ 20%]
tests/test_geographic_boundary_filter.py::TestGeographicBoundaryFilter::test_filter_enabled_initialization_failure_invalid_file PASSED [ 21%]
tests/test_geographic_boundary_filter.py::TestGeographicBoundaryFilter::test_filter_disabled_flight_filtering PASSED [ 21%]
tests/test_geographic_boundary_filter.py::TestGeographicBoundaryFilter::test_filter_enabled_flight_filtering_success PASSED [ 22%]
tests/test_geographic_boundary_filter.py::TestGeographicBoundaryFilter::test_filter_enabled_flight_filtering_failure_not_initialized PASSED [ 22%]
tests/test_geographic_boundary_filter.py::TestGeographicBoundaryFilter::test_filter_disabled_transceiver_filtering PASSED [ 23%]
tests/test_geographic_boundary_filter.py::TestGeographicBoundaryFilter::test_filter_enabled_transceiver_filtering_success PASSED [ 23%]
tests/test_geographic_boundary_filter.py::TestGeographicBoundaryFilter::test_filter_disabled_controller_filtering PASSED [ 24%]
tests/test_geographic_boundary_filter.py::TestGeographicBoundaryFilter::test_filter_enabled_controller_filtering_success PASSED [ 24%]
tests/test_geographic_boundary_filter.py::TestGeographicBoundaryFilter::test_filter_flights_list_disabled PASSED [ 24%]
tests/test_geographic_boundary_filter.py::TestGeographicBoundaryFilter::test_filter_flights_list_enabled PASSED [ 25%]
tests/test_geographic_boundary_filter.py::TestGeographicBoundaryFilter::test_filter_transceivers_list_enabled PASSED [ 25%]
tests/test_geographic_boundary_filter.py::TestGeographicBoundaryFilter::test_filter_controllers_list_enabled PASSED [ 26%]
tests/test_geographic_boundary_filter.py::TestGeographicBoundaryFilter::test_filter_vatsim_data_disabled PASSED [ 26%]
tests/test_geographic_boundary_filter.py::TestGeographicBoundaryFilter::test_filter_vatsim_data_enabled PASSED [ 27%]
tests/test_geographic_boundary_filter.py::TestGeographicBoundaryFilter::test_get_filter_status_disabled PASSED [ 27%]
tests/test_geographic_boundary_filter.py::TestGeographicBoundaryFilter::test_get_filter_status_enabled_success PASSED [ 27%]
tests/test_geographic_boundary_filter.py::TestGeographicBoundaryFilter::test_get_filter_stats PASSED [ 28%]
tests/test_geographic_boundary_filter.py::TestGeographicBoundaryFilter::test_reload_boundary_data_disabled PASSED [ 28%]
tests/test_geographic_boundary_filter.py::TestGeographicBoundaryFilter::test_reload_boundary_data_enabled PASSED [ 29%]
tests/test_geographic_boundary_filter.py::TestGeographicBoundaryFilter::test_get_boundary_info_not_initialized PASSED [ 29%]
tests/test_geographic_boundary_filter.py::TestGeographicBoundaryFilter::test_get_boundary_info_initialized PASSED [ 30%]
tests/test_geographic_boundary_filter.py::TestGeographicBoundaryFilter::test_edge_case_empty_flights_list PASSED [ 30%]
tests/test_geographic_boundary_filter.py::TestGeographicBoundaryFilter::test_edge_case_none_flights_list PASSED [ 31%]
tests/test_geographic_boundary_filter.py::TestGeographicBoundaryFilter::test_edge_case_invalid_coordinates PASSED [ 31%]
tests/test_geographic_boundary_filter.py::TestGeographicBoundaryConfig::test_default_config PASSED [ 31%]
tests/test_geographic_boundary_filter.py::TestGeographicBoundaryConfig::test_custom_config PASSED [ 32%]
tests/test_infrastructure.py::TestDatabaseInfrastructure::test_database_connection_management PASSED [ 32%]
tests/test_infrastructure.py::TestDatabaseInfrastructure::test_database_session_management PASSED [ 33%]
tests/test_infrastructure.py::TestConfigurationManagement::test_environment_configuration_loading PASSED [ 33%]
tests/test_infrastructure.py::TestConfigurationManagement::test_configuration_validation PASSED [ 34%]
tests/test_infrastructure.py::TestSystemModules::test_critical_modules_availability PASSED [ 34%]
tests/test_infrastructure.py::TestSystemModules::test_database_models_structure PASSED [ 34%]
tests/test_infrastructure.py::TestServiceInfrastructure::test_service_module_availability PASSED [ 35%]
tests/test_infrastructure.py::TestServiceInfrastructure::test_utility_modules_availability PASSED [ 35%]
tests/test_infrastructure.py::TestFastAPIInfrastructure::test_fastapi_dependencies_available PASSED [ 36%]
tests/test_infrastructure.py::TestFastAPIInfrastructure::test_http_client_dependencies PASSED [ 36%]
tests/test_performance_reliability.py::TestFastAPIApplication::test_fastapi_application_startup PASSED [ 37%]
tests/test_performance_reliability.py::TestFastAPIApplication::test_fastapi_middleware_configuration PASSED [ 37%]
tests/test_performance_reliability.py::TestFastAPIApplication::test_fastapi_lifespan_management PASSED [ 37%]
tests/test_performance_reliability.py::TestServiceLayerPerformance::test_vatsim_service_availability PASSED [ 38%]
tests/test_performance_reliability.py::TestServiceLayerPerformance::test_data_service_availability PASSED [ 38%]
tests/test_performance_reliability.py::TestServiceLayerPerformance::test_database_service_availability PASSED [ 39%]
tests/test_performance_reliability.py::TestFilterPerformance::test_geographic_filter_availability PASSED [ 39%]
tests/test_performance_reliability.py::TestFilterPerformance::test_callsign_filter_availability PASSED [ 40%]
tests/test_performance_reliability.py::TestDatabasePerformance::test_database_query_performance PASSED [ 40%]
tests/test_performance_reliability.py::TestDatabasePerformance::test_database_connection_pooling PASSED [ 41%]
tests/test_performance_reliability.py::TestAPIPerformance::test_api_endpoint_response_times PASSED [ 41%]
tests/test_performance_reliability.py::TestAPIPerformance::test_api_concurrent_requests PASSED [ 41%]
tests/test_performance_reliability.py::TestSystemResourceUsage::test_memory_usage_efficiency PASSED [ 42%]
tests/test_performance_reliability.py::TestSystemResourceUsage::test_cpu_usage_efficiency PASSED [ 42%]
tests/test_service_integration.py::test_vatsim_to_database_flow PASSED   [ 43%]
tests/test_service_integration.py::test_cache_behavior_with_live_data PASSED [ 43%]
tests/test_service_integration.py::test_database_operations_with_live_data PASSED [ 44%]
tests/test_service_integration.py::test_service_communication_patterns PASSED [ 44%]
tests/test_service_integration.py::test_data_consistency_across_services PASSED [ 44%]
tests/test_service_integration_database.py::TestServiceIntegrationWorkflows::test_complete_vatsim_to_database_workflow PASSED [ 45%]
tests/test_service_integration_database.py::TestServiceIntegrationWorkflows::test_service_communication_patterns PASSED [ 45%]
tests/test_service_integration_database.py::TestServiceIntegrationWorkflows::test_data_consistency_across_services PASSED [ 46%]
tests/test_service_integration_database.py::TestServiceIntegrationWorkflows::test_background_task_integration PASSED [ 46%]
tests/test_service_integration_database.py::TestDatabaseOperationsComprehensive::test_database_connection_management PASSED [ 47%]
tests/test_service_integration_database.py::TestDatabaseOperationsComprehensive::test_database_table_operations PASSED [ 47%]
tests/test_service_integration_database.py::TestDatabaseOperationsComprehensive::test_database_data_integrity_checks PASSED [ 48%]
tests/test_service_integration_database.py::TestDatabaseOperationsComprehensive::test_database_performance_queries PASSED [ 48%]
tests/test_service_integration_database.py::TestServiceDataFlowComprehensive::test_data_transformation_pipeline PASSED [ 48%]
tests/test_service_integration_database.py::TestServiceDataFlowComprehensive::test_service_error_handling_integration PASSED [ 49%]
tests/test_service_integration_database.py::TestServiceDataFlowComprehensive::test_service_state_consistency PASSED [ 49%]
tests/test_system_health.py::test_system_accessible PASSED               [ 50%]
tests/test_system_health.py::test_system_health PASSED                   [ 50%]
tests/test_system_health.py::test_database_connectivity PASSED           [ 51%]
tests/test_system_health.py::test_basic_api_endpoints PASSED             [ 51%]
tests/test_unit_critical_functions.py::TestCoordinateParsing::test_coordinate_parsing_valid_formats[-343848.000--34.6467] PASSED [ 51%]
tests/test_unit_critical_functions.py::TestCoordinateParsing::test_coordinate_parsing_valid_formats[+1494851.000-149.8142] PASSED [ 52%]
tests/test_unit_critical_functions.py::TestCoordinateParsing::test_coordinate_parsing_valid_formats[+515100.000-51.85] PASSED [ 52%]
tests/test_unit_critical_functions.py::TestCoordinateParsing::test_coordinate_parsing_valid_formats[+000030.000-0.0083] PASSED [ 53%]
tests/test_unit_critical_functions.py::TestCoordinateParsing::test_coordinate_parsing_valid_formats[+000000.000-0.00] PASSED [ 53%]
tests/test_unit_critical_functions.py::TestCoordinateParsing::test_coordinate_parsing_valid_formats[+1800000.000-180.0] PASSED [ 54%]
tests/test_unit_critical_functions.py::TestCoordinateParsing::test_coordinate_parsing_valid_formats[-900000.000--90.0] PASSED [ 54%]
tests/test_unit_critical_functions.py::TestCoordinateParsing::test_coordinate_parsing_valid_formats[+900000.000-90.0] PASSED [ 55%]
tests/test_unit_critical_functions.py::TestCoordinateParsing::test_coordinate_parsing_valid_formats[-1343848.000--134.6467] PASSED [ 55%]
tests/test_unit_critical_functions.py::TestCoordinateParsing::test_coordinate_parsing_valid_formats[+1794851.000-179.8142] PASSED [ 55%]
tests/test_unit_critical_functions.py::TestCoordinateParsing::test_coordinate_parsing_valid_formats[+0515100.000-51.85] PASSED [ 56%]
tests/test_unit_critical_functions.py::TestCoordinateParsing::test_coordinate_parsing_valid_formats[-34.6467--34.6467] PASSED [ 56%]
tests/test_unit_critical_functions.py::TestCoordinateParsing::test_coordinate_parsing_valid_formats[149.8142-149.8142] PASSED [ 57%]
tests/test_unit_critical_functions.py::TestCoordinateParsing::test_coordinate_parsing_valid_formats[51.0167-51.0167] PASSED [ 57%]
tests/test_unit_critical_functions.py::TestCoordinateParsing::test_coordinate_parsing_valid_formats[0.0-0.0] PASSED [ 58%]
tests/test_unit_critical_functions.py::TestCoordinateParsing::test_coordinate_parsing_valid_formats[180.0-180.0] PASSED [ 58%]
tests/test_unit_critical_functions.py::TestCoordinateParsing::test_coordinate_parsing_valid_formats[-90.0--90.0] PASSED [ 58%]
tests/test_unit_critical_functions.py::TestCoordinateParsing::test_coordinate_parsing_valid_formats[90.0-90.0] PASSED [ 59%]
tests/test_unit_critical_functions.py::TestCoordinateParsing::test_coordinate_parsing_valid_formats[+000000.000-0.01] PASSED [ 59%]
tests/test_unit_critical_functions.py::TestCoordinateParsing::test_coordinate_parsing_valid_formats[-000000.000-0.0] PASSED [ 60%]
tests/test_unit_critical_functions.py::TestCoordinateParsing::test_coordinate_parsing_valid_formats[+001000.000-0.1667] PASSED [ 60%]
tests/test_unit_critical_functions.py::TestCoordinateParsing::test_coordinate_parsing_valid_formats[+000100.000-0.0167] PASSED [ 61%]
tests/test_unit_critical_functions.py::TestCoordinateParsing::test_coordinate_parsing_valid_formats[+000001.000-0.0003] PASSED [ 61%]
tests/test_unit_critical_functions.py::TestCoordinateParsing::test_coordinate_parsing_invalid_formats[invalid] PASSED [ 62%]
tests/test_unit_critical_functions.py::TestCoordinateParsing::test_coordinate_parsing_invalid_formats[123] PASSED [ 62%]
tests/test_unit_critical_functions.py::TestCoordinateParsing::test_coordinate_parsing_invalid_formats[12345678.000] PASSED [ 62%]
tests/test_unit_critical_functions.py::TestCoordinateParsing::test_coordinate_parsing_invalid_formats[12345.000] PASSED [ 63%]
tests/test_unit_critical_functions.py::TestCoordinateParsing::test_coordinate_parsing_invalid_formats[12.34.56] PASSED [ 63%]
tests/test_unit_critical_functions.py::TestCoordinateParsing::test_coordinate_parsing_invalid_formats[] PASSED [ 64%]
tests/test_unit_critical_functions.py::TestCoordinateParsing::test_coordinate_parsing_invalid_formats[   ] PASSED [ 64%]
tests/test_unit_critical_functions.py::TestCoordinateParsing::test_coordinate_parsing_invalid_formats[abc123.000] PASSED [ 65%]
tests/test_unit_critical_functions.py::TestCoordinateParsing::test_coordinate_parsing_invalid_formats[123.abc] PASSED [ 65%]
tests/test_unit_critical_functions.py::TestCoordinateParsing::test_coordinate_parsing_whitespace_handling PASSED [ 65%]
tests/test_unit_critical_functions.py::TestPointInPolygon::test_australia_polygon_boundary_testing[-25.0-135.0-True] PASSED [ 66%]
tests/test_unit_critical_functions.py::TestPointInPolygon::test_australia_polygon_boundary_testing[-33.0-151.0-True] PASSED [ 66%]
tests/test_unit_critical_functions.py::TestPointInPolygon::test_australia_polygon_boundary_testing[-37.0-145.0-True] PASSED [ 67%]
tests/test_unit_critical_functions.py::TestPointInPolygon::test_australia_polygon_boundary_testing[-31.0-115.0-True] PASSED [ 67%]
tests/test_unit_critical_functions.py::TestPointInPolygon::test_australia_polygon_boundary_testing[-20.0-130.0-True] PASSED [ 68%]
tests/test_unit_critical_functions.py::TestPointInPolygon::test_australia_polygon_boundary_testing[-42.0-147.0-True] PASSED [ 68%]
tests/test_unit_critical_functions.py::TestPointInPolygon::test_australia_polygon_boundary_testing[0.0-0.0-False] PASSED [ 68%]
tests/test_unit_critical_functions.py::TestPointInPolygon::test_australia_polygon_boundary_testing[40.0--74.0-False] PASSED [ 69%]
tests/test_unit_critical_functions.py::TestPointInPolygon::test_australia_polygon_boundary_testing[51.0-0.0-False] PASSED [ 69%]
tests/test_unit_critical_functions.py::TestPointInPolygon::test_australia_polygon_boundary_testing[35.0-139.0-False] PASSED [ 70%]
tests/test_unit_critical_functions.py::TestPointInPolygon::test_australia_polygon_boundary_testing[-90.0-0.0-False] PASSED [ 70%]
tests/test_unit_critical_functions.py::TestPointInPolygon::test_australia_polygon_boundary_testing[90.0-0.0-False] PASSED [ 71%]
tests/test_unit_critical_functions.py::TestPointInPolygon::test_australia_polygon_boundary_testing[-45.0-180.0-False] PASSED [ 71%]
tests/test_unit_critical_functions.py::TestPointInPolygon::test_australia_polygon_boundary_testing[-45.0--180.0-False] PASSED [ 72%]
tests/test_unit_critical_functions.py::TestPointInPolygon::test_australia_polygon_boundary_testing[-44.999-110.001-True0] PASSED [ 72%]
tests/test_unit_critical_functions.py::TestPointInPolygon::test_australia_polygon_boundary_testing[-44.999-154.999-True] PASSED [ 72%]
tests/test_unit_critical_functions.py::TestPointInPolygon::test_australia_polygon_boundary_testing[-10.001-154.999-True0] PASSED [ 73%]
tests/test_unit_critical_functions.py::TestPointInPolygon::test_australia_polygon_boundary_testing[-10.001-110.001-True] PASSED [ 73%]
tests/test_unit_critical_functions.py::TestPointInPolygon::test_australia_polygon_boundary_testing[-44.999-110.001-True1] PASSED [ 74%]
tests/test_unit_critical_functions.py::TestPointInPolygon::test_australia_polygon_boundary_testing[-10.001-154.999-True1] PASSED [ 74%]
tests/test_unit_critical_functions.py::TestPointInPolygon::test_australia_polygon_boundary_testing[-44.9999-110.0001-True] PASSED [ 75%]
tests/test_unit_critical_functions.py::TestPointInPolygon::test_australia_polygon_boundary_testing[-10.0001-154.9999-True] PASSED [ 75%]
tests/test_unit_critical_functions.py::TestPointInPolygon::test_australia_polygon_boundary_testing[-44.99-110.01-True] PASSED [ 75%]
tests/test_unit_critical_functions.py::TestPointInPolygon::test_australia_polygon_boundary_testing[-10.01-154.99-True] PASSED [ 76%]
tests/test_unit_critical_functions.py::TestPointInPolygon::test_australia_polygon_boundary_testing[-44.9-110.1-True] PASSED [ 76%]
tests/test_unit_critical_functions.py::TestPointInPolygon::test_australia_polygon_boundary_testing[-10.1-154.9-True] PASSED [ 77%]
tests/test_unit_critical_functions.py::TestPointInPolygon::test_australia_polygon_boundary_testing[-45.001-110.0-False] PASSED [ 77%]
tests/test_unit_critical_functions.py::TestPointInPolygon::test_australia_polygon_boundary_testing[-10.0-155.001-False] PASSED [ 78%]
tests/test_unit_critical_functions.py::TestPointInPolygon::test_australia_polygon_boundary_testing[-45.0001-110.0-False] PASSED [ 78%]
tests/test_unit_critical_functions.py::TestPointInPolygon::test_australia_polygon_boundary_testing[-10.0-155.0001-False] PASSED [ 79%]
tests/test_unit_critical_functions.py::TestPointInPolygon::test_australia_polygon_boundary_testing[-45.01-110.0-False] PASSED [ 79%]
tests/test_unit_critical_functions.py::TestPointInPolygon::test_australia_polygon_boundary_testing[-10.0-155.01-False] PASSED [ 79%]
tests/test_unit_critical_functions.py::TestPointInPolygon::test_australia_polygon_boundary_testing[-45.1-110.0-False] PASSED [ 80%]
tests/test_unit_critical_functions.py::TestPointInPolygon::test_australia_polygon_boundary_testing[-10.0-155.1-False] PASSED [ 80%]
tests/test_unit_critical_functions.py::TestPointInPolygon::test_australia_polygon_boundary_testing[-44.999-109.999-False] PASSED [ 81%]
tests/test_unit_critical_functions.py::TestPointInPolygon::test_australia_polygon_boundary_testing[-44.999-155.001-False] PASSED [ 81%]
tests/test_unit_critical_functions.py::TestPointInPolygon::test_australia_polygon_boundary_testing[-10.001-155.001-False] PASSED [ 82%]
tests/test_unit_critical_functions.py::TestPointInPolygon::test_australia_polygon_boundary_testing[-10.001-109.999-False] PASSED [ 82%]
tests/test_unit_critical_functions.py::TestPointInPolygon::test_small_polygon_edge_cases[0.5-0.5-True] PASSED [ 82%]
tests/test_unit_critical_functions.py::TestPointInPolygon::test_small_polygon_edge_cases[0.1-0.1-True] PASSED [ 83%]
tests/test_unit_critical_functions.py::TestPointInPolygon::test_small_polygon_edge_cases[0.9-0.9-True] PASSED [ 83%]
tests/test_unit_critical_functions.py::TestPointInPolygon::test_small_polygon_edge_cases[-0.1-0.5-False] PASSED [ 84%]
tests/test_unit_critical_functions.py::TestPointInPolygon::test_small_polygon_edge_cases[1.1-0.5-False] PASSED [ 84%]
tests/test_unit_critical_functions.py::TestPointInPolygon::test_small_polygon_edge_cases[0.5--0.1-False] PASSED [ 85%]
tests/test_unit_critical_functions.py::TestPointInPolygon::test_small_polygon_edge_cases[0.5-1.1-False] PASSED [ 85%]
tests/test_unit_critical_functions.py::TestPointInPolygon::test_small_polygon_edge_cases[0.001-0.001-True] PASSED [ 86%]
tests/test_unit_critical_functions.py::TestPointInPolygon::test_small_polygon_edge_cases[0.999-0.999-True] PASSED [ 86%]
tests/test_unit_critical_functions.py::TestPointInPolygon::test_small_polygon_edge_cases[0.001-0.5-True] PASSED [ 86%]
tests/test_unit_critical_functions.py::TestPointInPolygon::test_small_polygon_edge_cases[0.999-0.5-True] PASSED [ 87%]
tests/test_unit_critical_functions.py::TestPointInPolygon::test_small_polygon_edge_cases[0.5-0.001-True] PASSED [ 87%]
tests/test_unit_critical_functions.py::TestPointInPolygon::test_small_polygon_edge_cases[0.5-0.999-True] PASSED [ 88%]
tests/test_unit_critical_functions.py::TestPointInPolygon::test_global_coordinate_coverage PASSED [ 88%]
tests/test_unit_critical_functions.py::TestPointInPolygon::test_polygon_edge_behavior PASSED [ 89%]
tests/test_unit_critical_functions.py::TestPointInPolygon::test_marginal_boundary_testing PASSED [ 89%]
tests/test_unit_critical_functions.py::TestPointInPolygon::test_corner_marginal_testing PASSED [ 89%]
tests/test_unit_critical_functions.py::TestPointInPolygon::test_floating_point_precision_edge_cases PASSED [ 90%]
tests/test_unit_critical_functions.py::TestPolygonLoading::test_load_polygon_from_geojson_valid PASSED [ 90%]
tests/test_unit_critical_functions.py::TestPolygonLoading::test_load_polygon_from_geojson_invalid_file PASSED [ 91%]
tests/test_unit_critical_functions.py::TestPolygonLoading::test_load_polygon_from_geojson_invalid_format PASSED [ 91%]
tests/test_unit_critical_functions.py::TestCaching::test_get_cached_polygon_same_file PASSED [ 92%]
tests/test_unit_critical_functions_consolidated.py::TestCoordinateParsing::test_coordinate_parsing_ddmmss_format PASSED [ 92%]
tests/test_unit_critical_functions_consolidated.py::TestCoordinateParsing::test_coordinate_parsing_decimal_format PASSED [ 93%]
tests/test_unit_critical_functions_consolidated.py::TestCoordinateParsing::test_coordinate_parsing_edge_cases PASSED [ 93%]
tests/test_unit_critical_functions_consolidated.py::TestCoordinateParsing::test_coordinate_parsing_invalid_formats PASSED [ 93%]
tests/test_unit_critical_functions_consolidated.py::TestCoordinateParsing::test_coordinate_parsing_whitespace_handling PASSED [ 94%]
tests/test_unit_critical_functions_consolidated.py::TestPointInPolygon::test_australia_polygon_inside_points PASSED [ 94%]
tests/test_unit_critical_functions_consolidated.py::TestPointInPolygon::test_australia_polygon_outside_points PASSED [ 95%]
tests/test_unit_critical_functions_consolidated.py::TestPointInPolygon::test_australia_polygon_boundary_edge_cases PASSED [ 95%]
tests/test_unit_critical_functions_consolidated.py::TestPointInPolygon::test_small_polygon_edge_cases PASSED [ 96%]
tests/test_unit_critical_functions_consolidated.py::TestPointInPolygon::test_global_coordinate_coverage PASSED [ 96%]
tests/test_unit_critical_functions_consolidated.py::TestPolygonLoading::test_load_polygon_from_geojson_valid PASSED [ 96%]
tests/test_unit_critical_functions_consolidated.py::TestPolygonLoading::test_load_polygon_from_geojson_invalid_file PASSED [ 97%]
tests/test_unit_critical_functions_consolidated.py::TestPolygonLoading::test_load_polygon_from_geojson_invalid_format PASSED [ 97%]
tests/test_unit_critical_functions_consolidated.py::TestCaching::test_get_cached_polygon_same_file PASSED [ 98%]
tests/test_user_workflows.py::test_flight_data_availability PASSED       [ 98%]
tests/test_user_workflows.py::test_controller_data_access PASSED         [ 99%]
tests/test_user_workflows.py::test_data_freshness PASSED                 [ 99%]
tests/test_user_workflows.py::test_api_response_quality PASSED           [100%]

======================= 229 passed, 50 warnings in 3.26s =======================
